// Jest Snapshot v1, https://goo.gl/fbAQLP

exports[`App page tests App Snapshot 1`] = `ReactWrapper {}`;
