// Jest Snapshot v1, https://goo.gl/fbAQLP

exports[`All Issues Page Test All Issues Page Snapshot 1`] = `ReactWrapper {}`;
