// Jest Snapshot v1, https://goo.gl/fbAQLP

exports[`Issues List Page Test Issues List Page Snapshot 1`] = `ReactWrapper {}`;
